// Jest Snapshot v1, https://goo.gl/fbAQLP

exports[`Board [Unit] should match component snapshot 1`] = `
<ContextConsumer>
  <Component />
</ContextConsumer>
`;
